// Jest Snapshot v1, https://goo.gl/fbAQLP

exports[`unit test for pattern token component can render properly 1`] = `
<div>
  <div
    class="css-83xyci"
    data-testid="pattern-token"
  >
    token
  </div>
</div>
`;

exports[`unit test for sortable pattern token component can render properly 1`] = `
<div>
  <span
    aria-describedby=""
    aria-disabled="false"
    aria-roledescription="sortable"
    class="css-1qhvhw"
    data-testid="sortable-pattern-token"
    role="button"
    tabindex="0"
  >
    <div
      class="chakra-stack css-9hjtr8"
    >
      <svg
        class="chakra-icon css-8wc76e"
        data-testid="sortable-pattern-token-handle"
        focusable="false"
        viewBox="0 0 10 10"
      >
        <path
          d="M3,2 C2.44771525,2 2,1.55228475 2,1 C2,0.44771525 2.44771525,0 3,0 C3.55228475,0 4,0.44771525 4,1 C4,1.55228475 3.55228475,2 3,2 Z M3,6 C2.44771525,6 2,5.55228475 2,5 C2,4.44771525 2.44771525,4 3,4 C3.55228475,4 4,4.44771525 4,5 C4,5.55228475 3.55228475,6 3,6 Z M3,10 C2.44771525,10 2,9.55228475 2,9 C2,8.44771525 2.44771525,8 3,8 C3.55228475,8 4,8.44771525 4,9 C4,9.55228475 3.55228475,10 3,10 Z M7,2 C6.44771525,2 6,1.55228475 6,1 C6,0.44771525 6.44771525,0 7,0 C7.55228475,0 8,0.44771525 8,1 C8,1.55228475 7.55228475,2 7,2 Z M7,6 C6.44771525,6 6,5.55228475 6,5 C6,4.44771525 6.44771525,4 7,4 C7.55228475,4 8,4.44771525 8,5 C8,5.55228475 7.55228475,6 7,6 Z M7,10 C6.44771525,10 6,9.55228475 6,9 C6,8.44771525 6.44771525,8 7,8 C7.55228475,8 8,8.44771525 8,9 C8,9.55228475 7.55228475,10 7,10 Z"
          fill="currentColor"
        />
      </svg>
      token
    </div>
    <button
      aria-label="close"
      class="css-sorhh"
      data-testid="sortable-pattern-token-close"
      type="button"
    >
      <svg
        class="chakra-icon css-1md6f3y"
        focusable="false"
        viewBox="0 0 512 512"
      >
        <path
          d="M289.94 256l95-95A24 24 0 00351 127l-95 95-95-95a24 24 0 00-34 34l95 95-95 95a24 24 0 1034 34l95-95 95 95a24 24 0 0034-34z"
          fill="currentColor"
        />
      </svg>
    </button>
  </span>
</div>
`;
